+ L=/home/mfwolffe/lanes/ww40
+ export PATH=/home/mfwolffe/lanes/ww40/bin:/home/mfwolffe/.cargo/bin:/home/mfwolffe/.local/bin:/home/mfwolffe/.cargo/bin:/home/mfwolffe/.local/bin:/opt/cuda/bin:/usr/local/bin:/usr/bin:/bin CARGO_BUILD_JOBS=4
+ PATH=/home/mfwolffe/lanes/ww40/bin:/home/mfwolffe/.cargo/bin:/home/mfwolffe/.local/bin:/home/mfwolffe/.cargo/bin:/home/mfwolffe/.local/bin:/opt/cuda/bin:/usr/local/bin:/usr/bin:/bin
+ CARGO_BUILD_JOBS=4
+ cd /home/mfwolffe/lanes/ww40/web
+ git fetch -q origin ww40
+ git checkout -q -- .
+ git checkout -q -B ww40 origin/ww40
++ git branch --show-current
+ test ww40 = ww40
+ git rev-parse HEAD
181ca63142404a7a50137eae94f9078fd3d64dc6
+ git submodule update --init --recursive
Submodule path 'upstream/wolf-interp': checked out '531bf0581dea6bba4b1247edb2abada5214c18ab'
+ git -C upstream/wolf-interp fetch -q --tags origin
+ git -C upstream/wolf-interp checkout -q f516a5f4ea4341acd3a30f3e5cdd4327aede1912
+ git -C upstream/wolf-interp submodule update --init --recursive
+ git -C upstream/wolf-lang fetch -q --tags origin
+ for m in wolf-book wolf-interp wolf-lang
++ git -C upstream/wolf-book rev-parse HEAD
+ echo 'wolf-book 2504a0fcef5a36422c8704c734912b0a23d12962'
wolf-book 2504a0fcef5a36422c8704c734912b0a23d12962
+ for m in wolf-book wolf-interp wolf-lang
++ git -C upstream/wolf-interp rev-parse HEAD
+ echo 'wolf-interp f516a5f4ea4341acd3a30f3e5cdd4327aede1912'
wolf-interp f516a5f4ea4341acd3a30f3e5cdd4327aede1912
+ for m in wolf-book wolf-interp wolf-lang
++ git -C upstream/wolf-lang rev-parse HEAD
+ echo 'wolf-lang 89dc139443da38078df6093568da87bc6d0ee6f9'
wolf-lang 89dc139443da38078df6093568da87bc6d0ee6f9
+ cp docs/audit/ww33-evidence/census.mjs docs/audit/ww33-evidence/stdout-probe.mjs docs/audit/ww38-evidence/ww38-records.mjs /home/mfwolffe/lanes/ww40/
+ mkdir -p dist/play
+ cp /home/mfwolffe/lanes/ww40/wasm-portability.patch crates/lupin-wasm/wasm-portability.patch
+ sha256sum crates/lupin-wasm/wasm-portability.patch
2cc2b8a3e4580c5a60a63d15bccb5f5647d30f5a4bb1216af0963ae313b5cc3b  crates/lupin-wasm/wasm-portability.patch
+ ./scripts/build-wasm.sh
+ echo WASM49-EXIT=0
WASM49-EXIT=0
+ cp dist/play/lupin.wasm /home/mfwolffe/lanes/ww40/lupin-0.1.49.wasm
+ curl -sfo /home/mfwolffe/lanes/ww40/lupin-0.1.48.wasm https://lupp.us/play/lupin.wasm
+ sha256sum /home/mfwolffe/lanes/ww40/lupin-0.1.48.wasm /home/mfwolffe/lanes/ww40/lupin-0.1.49.wasm
ee3d7b9fc5352ed3fb4d0b0220132207cc4fd77c154d8beea14203368b02a48e  /home/mfwolffe/lanes/ww40/lupin-0.1.48.wasm
289e6897aea12945f2310f1392163073201a46c8524672a15094bf0547720ca7  /home/mfwolffe/lanes/ww40/lupin-0.1.49.wasm
+ O=6710f9e0cbc3a7264349093751ce7a46a407e473
+ N=89dc139443da38078df6093568da87bc6d0ee6f9
+ git -C upstream/wolf-lang checkout -q 6710f9e0cbc3a7264349093751ce7a46a407e473
+ for v in 48 49
+ node /home/mfwolffe/lanes/ww40/census.mjs /home/mfwolffe/lanes/ww40/lupin-0.1.48.wasm upstream/wolf-lang/corpus /home/mfwolffe/lanes/ww40/census-0225-0148.json
+ echo 'LEG 0225-0148 exit=0'
LEG 0225-0148 exit=0
+ for v in 48 49
+ node /home/mfwolffe/lanes/ww40/census.mjs /home/mfwolffe/lanes/ww40/lupin-0.1.49.wasm upstream/wolf-lang/corpus /home/mfwolffe/lanes/ww40/census-0225-0149.json
+ echo 'LEG 0225-0149 exit=0'
LEG 0225-0149 exit=0
+ git -C upstream/wolf-lang checkout -q 89dc139443da38078df6093568da87bc6d0ee6f9
+ for v in 48 49
+ node /home/mfwolffe/lanes/ww40/census.mjs /home/mfwolffe/lanes/ww40/lupin-0.1.48.wasm upstream/wolf-lang/corpus /home/mfwolffe/lanes/ww40/census-0226-0148.json
+ echo 'LEG 0226-0148 exit=0'
LEG 0226-0148 exit=0
+ for v in 48 49
+ node /home/mfwolffe/lanes/ww40/census.mjs /home/mfwolffe/lanes/ww40/lupin-0.1.49.wasm upstream/wolf-lang/corpus /home/mfwolffe/lanes/ww40/census-0226-0149.json
+ echo 'LEG 0226-0149 exit=0'
LEG 0226-0149 exit=0
+ git -C upstream/wolf-lang rev-parse HEAD
89dc139443da38078df6093568da87bc6d0ee6f9
+ git -C upstream/wolf-interp rev-parse HEAD
f516a5f4ea4341acd3a30f3e5cdd4327aede1912
+ python3 /home/mfwolffe/lanes/ww40/ww40-rows.py
++ comm -13 /home/mfwolffe/lanes/ww40/run-6710f9e.txt /home/mfwolffe/lanes/ww40/run-89dc139.txt
++ sed 's|^corpus/||'
+ ARR=$'fs/copy_chunk.lu\nfs/os_error.lu\nfs/std_write_bytes.lu\nmemory/bytes_scan.lu\nmemory/raw_field_store_compound.lu\nmemory/raw_field_store.lu\nmemory/raw_field_store_nested.lu\nmemory/raw_field_store_packed.lu\nmemory/region_copyout_exits.lu\nmemory/region_copyout_loop.lu\nmemory/region_copyout_map.lu\nmemory/region_copyout_struct.lu\nmemory/region_str_call_inside.lu\nmemory/region_str_call_static.lu\nmemory/static_qualified_let/main.lu\nmemory/static_qualified/main.lu\nmemory/static_qualified_var/main.lu\nos/chdir_relative.lu\nos/pipe_round_trip.lu\nos/spawn_fds_rows.lu\ntypecheck/fn_never_extern.lu\ntypecheck/fn_never_handler_arm.lu\ntypecheck/fn_never_trap.lu\ntypecheck/int_not_byte.lu\ntypecheck/int_not_mask.lu\ntypecheck/int_not_signed.lu'
+ EXTRA='conc/atomic_fence.lu conc/atomic_orders.lu conc/atomic_widths.lu memory/volatile_widths.lu memory/packed_field_raw_read.lu'
+ for v in 49 48
+ node /home/mfwolffe/lanes/ww40/stdout-probe.mjs /home/mfwolffe/lanes/ww40/lupin-0.1.49.wasm upstream/wolf-lang/corpus fs/copy_chunk.lu fs/os_error.lu fs/std_write_bytes.lu memory/bytes_scan.lu memory/raw_field_store_compound.lu memory/raw_field_store.lu memory/raw_field_store_nested.lu memory/raw_field_store_packed.lu memory/region_copyout_exits.lu memory/region_copyout_loop.lu memory/region_copyout_map.lu memory/region_copyout_struct.lu memory/region_str_call_inside.lu memory/region_str_call_static.lu memory/static_qualified_let/main.lu memory/static_qualified/main.lu memory/static_qualified_var/main.lu os/chdir_relative.lu os/pipe_round_trip.lu os/spawn_fds_rows.lu typecheck/fn_never_extern.lu typecheck/fn_never_handler_arm.lu typecheck/fn_never_trap.lu typecheck/int_not_byte.lu typecheck/int_not_mask.lu typecheck/int_not_signed.lu conc/atomic_fence.lu conc/atomic_orders.lu conc/atomic_widths.lu memory/volatile_widths.lu memory/packed_field_raw_read.lu
+ echo 'PROBE 0149 exit=0'
PROBE 0149 exit=0
+ for v in 49 48
+ node /home/mfwolffe/lanes/ww40/stdout-probe.mjs /home/mfwolffe/lanes/ww40/lupin-0.1.48.wasm upstream/wolf-lang/corpus fs/copy_chunk.lu fs/os_error.lu fs/std_write_bytes.lu memory/bytes_scan.lu memory/raw_field_store_compound.lu memory/raw_field_store.lu memory/raw_field_store_nested.lu memory/raw_field_store_packed.lu memory/region_copyout_exits.lu memory/region_copyout_loop.lu memory/region_copyout_map.lu memory/region_copyout_struct.lu memory/region_str_call_inside.lu memory/region_str_call_static.lu memory/static_qualified_let/main.lu memory/static_qualified/main.lu memory/static_qualified_var/main.lu os/chdir_relative.lu os/pipe_round_trip.lu os/spawn_fds_rows.lu typecheck/fn_never_extern.lu typecheck/fn_never_handler_arm.lu typecheck/fn_never_trap.lu typecheck/int_not_byte.lu typecheck/int_not_mask.lu typecheck/int_not_signed.lu conc/atomic_fence.lu conc/atomic_orders.lu conc/atomic_widths.lu memory/volatile_widths.lu memory/packed_field_raw_read.lu
+ echo 'PROBE 0148 exit=0'
PROBE 0148 exit=0
+ REC=$'fs/copy_chunk.lu\nfs/os_error.lu\nfs/std_write_bytes.lu\nmemory/bytes_scan.lu\nmemory/raw_field_store_compound.lu\nmemory/raw_field_store.lu\nmemory/raw_field_store_nested.lu\nmemory/raw_field_store_packed.lu\nmemory/region_copyout_exits.lu\nmemory/region_copyout_loop.lu\nmemory/region_copyout_map.lu\nmemory/region_copyout_struct.lu\nmemory/region_str_call_inside.lu\nmemory/region_str_call_static.lu\nmemory/static_qualified_let/main.lu\nmemory/static_qualified/main.lu\nmemory/static_qualified_var/main.lu\nos/chdir_relative.lu\nos/pipe_round_trip.lu\nos/spawn_fds_rows.lu\ntypecheck/fn_never_extern.lu\ntypecheck/fn_never_handler_arm.lu\ntypecheck/fn_never_trap.lu\ntypecheck/int_not_byte.lu\ntypecheck/int_not_mask.lu\ntypecheck/int_not_signed.lu conc/atomic_fence.lu conc/atomic_orders.lu conc/atomic_widths.lu memory/volatile_widths.lu memory/packed_field_raw_read.lu conc/atomic_counter.lu memory/raw_repr_c_layout.lu memory/raw_repr_packed_layout.lu memory/raw_repr_align_layout.lu membrane/extern_let_image.lu membrane/extern_libc.lu grammar/attr_implemented_set.lu grammar/cfg_target_arch.lu'
+ for v in 49 48
+ node /home/mfwolffe/lanes/ww40/ww38-records.mjs /home/mfwolffe/lanes/ww40/lupin-0.1.49.wasm upstream/wolf-lang/corpus fs/copy_chunk.lu fs/os_error.lu fs/std_write_bytes.lu memory/bytes_scan.lu memory/raw_field_store_compound.lu memory/raw_field_store.lu memory/raw_field_store_nested.lu memory/raw_field_store_packed.lu memory/region_copyout_exits.lu memory/region_copyout_loop.lu memory/region_copyout_map.lu memory/region_copyout_struct.lu memory/region_str_call_inside.lu memory/region_str_call_static.lu memory/static_qualified_let/main.lu memory/static_qualified/main.lu memory/static_qualified_var/main.lu os/chdir_relative.lu os/pipe_round_trip.lu os/spawn_fds_rows.lu typecheck/fn_never_extern.lu typecheck/fn_never_handler_arm.lu typecheck/fn_never_trap.lu typecheck/int_not_byte.lu typecheck/int_not_mask.lu typecheck/int_not_signed.lu conc/atomic_fence.lu conc/atomic_orders.lu conc/atomic_widths.lu memory/volatile_widths.lu memory/packed_field_raw_read.lu conc/atomic_counter.lu memory/raw_repr_c_layout.lu memory/raw_repr_packed_layout.lu memory/raw_repr_align_layout.lu membrane/extern_let_image.lu membrane/extern_libc.lu grammar/attr_implemented_set.lu grammar/cfg_target_arch.lu
+ echo 'RECORDS 0149 exit=0'
RECORDS 0149 exit=0
+ for v in 49 48
+ node /home/mfwolffe/lanes/ww40/ww38-records.mjs /home/mfwolffe/lanes/ww40/lupin-0.1.48.wasm upstream/wolf-lang/corpus fs/copy_chunk.lu fs/os_error.lu fs/std_write_bytes.lu memory/bytes_scan.lu memory/raw_field_store_compound.lu memory/raw_field_store.lu memory/raw_field_store_nested.lu memory/raw_field_store_packed.lu memory/region_copyout_exits.lu memory/region_copyout_loop.lu memory/region_copyout_map.lu memory/region_copyout_struct.lu memory/region_str_call_inside.lu memory/region_str_call_static.lu memory/static_qualified_let/main.lu memory/static_qualified/main.lu memory/static_qualified_var/main.lu os/chdir_relative.lu os/pipe_round_trip.lu os/spawn_fds_rows.lu typecheck/fn_never_extern.lu typecheck/fn_never_handler_arm.lu typecheck/fn_never_trap.lu typecheck/int_not_byte.lu typecheck/int_not_mask.lu typecheck/int_not_signed.lu conc/atomic_fence.lu conc/atomic_orders.lu conc/atomic_widths.lu memory/volatile_widths.lu memory/packed_field_raw_read.lu conc/atomic_counter.lu memory/raw_repr_c_layout.lu memory/raw_repr_packed_layout.lu memory/raw_repr_align_layout.lu membrane/extern_let_image.lu membrane/extern_libc.lu grammar/attr_implemented_set.lu grammar/cfg_target_arch.lu
+ echo 'RECORDS 0148 exit=0'
RECORDS 0148 exit=0
++ sed 's|^corpus/||' /home/mfwolffe/lanes/ww40/run-89dc139.txt
+ node /home/mfwolffe/lanes/ww40/ww40-stdout-all.mjs /home/mfwolffe/lanes/ww40/lupin-0.1.48.wasm /home/mfwolffe/lanes/ww40/lupin-0.1.49.wasm upstream/wolf-lang/corpus comptime/fold_reaches_lane.lu comptime/layout_query_repr_c.lu comptime.lu conc/atomic_counter.lu conc/atomic_fence.lu conc/atomic_orders.lu conc/atomic_widths.lu conc/cancel_sibling.lu conc/chan_closed_row.lu conc/chan_default_rendezvous.lu conc/chan_drain_after_inclusive_loop.lu conc/chan_param_for.lu conc/chan_payload_proc_param.lu conc/chan_root_task.lu conc/chan_send_closed_row.lu conc/chan_struct_payload.lu conc/freeze_proc_snapshot.lu conc/freeze_publish.lu conc/message_passing.lu conc/par_fail_reraises.lu conc/par_order.lu conc/proc_cancel_defers.lu conc/proc_cap_fault_join.lu conc/proc_cross_module/main.lu conc/proc_join_param.lu conc/proc_join_value.lu conc/proc_kill_defers.lu conc/proc_link.lu conc/proc_link_root_death.lu conc/proc_link_root.lu conc/proc_spawn_loop.lu conc/reason_interp.lu conc/select_seeded.lu conc/select_single_arm_loop.lu conc/select_two_timeouts.lu conc/spawn_cluster_split.lu conc/spawn_fanout_loop.lu conc/spawn_tail_send_raised_row.lu conc/when_multi.lu ct/public_len.lu entry_no_return.lu faults/assert_fails.lu faults/assert_msg_effect_fails.lu faults/assert_msg_holds.lu faults/assert_msg_name_fails.lu faults/assert_msg_name.lu faults/assert_msg_try.lu faults/bounds_slice.lu faults/byte_view_slice_reversed.lu faults/cast_float_nan_trap.lu faults/cast_float_overflow_trap.lu faults/cast_float_to_int_truncate.lu faults/cast_narrow_sign_trap.lu faults/cast_narrow_unsigned_to_signed_trap.lu faults/cast_narrow_width_trap.lu faults/char_cast_negative_trap.lu faults/char_cast_range_trap.lu faults/char_cast_surrogate_trap.lu faults/div_zero_rem.lu faults/index_origin_min_overflow.lu faults/index_origin_zero.lu faults/list_slice_oob.lu faults/list_slice_reversed.lu faults/overflow_add.lu faults/overflow_call_result.lu faults/overflow_elem_read.lu faults/overflow_elem_write.lu faults/overflow_field_read.lu faults/overflow_interp_operand.lu faults/overflow_list_pop_i32.lu faults/overflow_list_pop_i64.lu faults/region_cap_breach.lu faults/repeat_negative.lu faults/trap_skips_root_defers.lu faults/wrap_high_as_i32.lu faults/wrap_top_bit_as_int.lu fs/bytes_dirs.lu fs/copy_chunk.lu fs/error_row.lu fs/fstat.lu fs/open_nonblock.lu fs/os_error.lu fs/read_at.lu fs/remove_dir_refused.lu fs/roundtrip.lu fs/seek_tell.lu fs/std_write_bytes.lu generics/box_method.lu generics/explicit_apply.lu generics/first_of_list.lu generics/hundred_shapes.lu generics/list_imported_elem/main.lu generics/list_struct_elem.lu generics/list_wrapping_elem.lu generics/pair_of.lu generics/two_instances.lu generics/two_level_raise.lu grammar/attr_implemented_set.lu grammar/bang_errunion.lu grammar/bang_not.lu grammar/bom_at_start.lu grammar/brackets_generic_call.lu grammar/cfg_target_arch.lu grammar/cfg_target_freestanding.lu grammar/defer_loop_turn.lu grammar/else_chain.lu grammar/else_default.lu grammar/else_default_newline.lu grammar/if_then_arm.lu grammar/if_then_block.lu grammar/if_then_chain.lu grammar/if_then_ident.lu grammar/if_then_let.lu grammar/if_then_member.lu grammar/if_then_paren_default.lu grammar/if_then_stmt.lu grammar/if_then_width.lu grammar/index_origin_closure.lu grammar/index_origin_file.lu grammar/index_origin_scopes.lu grammar/intdot_range.lu grammar/interp_nested.lu grammar/let_group_destructure.lu grammar/let_group.lu grammar/list_lit_arg.lu grammar/list_lit_empty.lu grammar/list_lit_index.lu grammar/list_lit_let.lu grammar/list_lit_multiline.lu grammar/list_lit_nested.lu grammar/match_arm_at_binding.lu grammar/match_arm_deep_tree.lu grammar/match_arm_or_inside_product.lu grammar/match_arm_product_nested.lu grammar/match_arm_str_in_product.lu grammar/match_nullary_variant.lu grammar/match_range_char.lu grammar/match_range.lu grammar/match_switch.lu grammar/newline_trailing.lu grammar/range_header_inclusive_max.lu grammar/range_type_char.lu grammar/range_type_inclusive.lu grammar/range_type_overflow.lu grammar/range_type_param.lu grammar/range_type_return.lu grammar/range_value_wide_iter.lu grammar/shebang.lu grammar/structlit_paren.lu grammar/struct_pattern_match_arm.lu grammar/tuple_pattern_match_arm.lu hello.lu io/eprint.lu json/query.lu json/rows.lu kernels/churn_b3.lu kernels/ct_cswap.lu kernels/ct_tag_compare.lu kernels/guarded_stencil.lu kernels/hot_counter.lu kernels/hot_header_alias.lu kernels/hot_header.lu kernels/hot_scale_versioned.lu kernels/hot_sum_reduce.lu kernels/lshr_top_bits.lu kernels/sha256_block.lu kernels/walk_twice.lu lints/allow_item.lu lints/allow_nothing.lu lints/allow_unknown_code.lu lints/ancestor_import/main.lu lints/assume_reassigned.lu lints/as_view_consuming.lu lints/binder_capitalized.lu lints/discarded_result.lu lints/else_arithmetic.lu lints/else_comparison.lu lints/float_zero_minus.lu lints/get_prefix.lu lints/get_without_row.lu lints/index_origin_get.lu lints/match_str_arm_unreachable.lu lints/mut_in_interp.lu lints/mut_param_unwritten.lu lints/narrowing_literal.lu lints/one_item_module/main.lu lints/pkg_item_unused/main.lu lints/predicate_shape.lu lints/prefix_statement.lu lints/pub_undocumented.lu lints/raw_interp_braces.lu lints/region_call_allocates.lu lints/region_never_allocates.lu lints/safety_comment_missing.lu lints/shadow_prelude_call.lu lints/shadow_prelude.lu lints/tag_case_payload.lu lints/tag_name_collision.lu lints/take_returned.lu membrane/export_called.lu membrane/export_child.lu membrane/extern_let_image.lu membrane/extern_libc.lu memory/byte_list_ledger.lu memory/byte_producers_ledger.lu memory/bytes_scan.lu memory/carried_quotient_nested.lu memory/carried_quotient_pair.lu memory/checked_unsigned.lu memory/closure_cluster_split.lu memory/closure_kill_list.lu memory/closure_value_paths.lu memory/consumed_walk_charges_nothing.lu memory/copy_independent.lu memory/ctl_index_else_once.lu memory/ctl_index_return_break_once.lu memory/ctl_index_try_once.lu memory/ctl_index_try_once_receivers.lu memory/ctl_nested_index_try_once.lu memory/ctl_slice_endpoints_call.lu memory/ctl_slice_endpoints_indexed_base.lu memory/ctl_slice_endpoints.lu memory/ctl_slice_endpoints_nested.lu memory/ctl_slice_endpoints_str.lu memory/ctl_slice_try_once.lu memory/ctl_store_index_try_once.lu memory/ctl_store_order_captured.lu memory/ctl_store_order_compound.lu memory/ctl_store_order.lu memory/ctl_store_order_map.lu memory/ctl_store_order_nested_index.lu memory/ctl_store_order_nested.lu memory/ctl_store_order_raw.lu memory/defer_order.lu memory/destructure_bind.lu memory/destructure_partial_live.lu memory/div_zero.lu memory/elem_char_bool_key_revive.lu memory/elem_const_dyn_loan.lu memory/elem_const_field_mut_pair.lu memory/elem_const_field_of_elem.lu memory/elem_const_iter_mut.lu memory/elem_const_move_heap.lu memory/elem_const_mut_pair.lu memory/elem_const_nested_call.lu memory/elem_const_nested_mut.lu memory/elem_const_read_after_mut.lu memory/elem_const_read_while_take.lu memory/elem_const_store_revives.lu memory/elem_const_swap_heap.lu memory/elem_const_swap.lu memory/elem_const_take_while_mut.lu memory/elem_dyn_proofs_legs.lu memory/elem_dyn_read_after_mut.lu memory/elem_header_methods_after_move.lu memory/elem_header_methods_after_move_map.lu memory/elem_header_methods_after_move_pool.lu memory/elem_header_methods_under_claim.lu memory/elem_key_move_map.lu memory/elem_len_after_move.lu memory/elem_loop_induction_mut.lu memory/elem_member_read_after_mut.lu memory/elem_member_read_under_claims.lu memory/elem_move_one_place.lu memory/elem_offset_mut_pair.lu memory/elem_pool_handle_revive.lu memory/elem_same_index_revive.lu memory/elem_str_key_revive.lu memory/elem_tuple_pos_move.lu memory/elem_tuple_pos_mut.lu memory/excl_disjoint_ok.lu memory/exclusivity.lu memory/field_shorthand_copy.lu memory/field_shorthand_mixed_runs.lu memory/field_shorthand_nested_runs.lu memory/field_shorthand_return_take.lu memory/foreign_root_aliasing.lu memory/handle_stale.lu memory/index_store_copies_list.lu memory/index_store_copies_map.lu memory/index_store_copy_elem.lu memory/index_store_read_param.lu memory/list_elem_assign.lu memory/list_elem_copy_loop.lu memory/list_mixed_width_struct.lu memory/list_pop_empty.lu memory/list_session_struct.lu memory/list_slice_edges.lu memory/list_slice_inline_owned.lu memory/list_slice.lu memory/list_slice_owned_call.lu memory/map_absent_else.lu memory/map_char_bool_keys.lu memory/map_count.lu memory/map_int_keys.lu memory/map_remove.lu memory/map_set_generic.lu memory/map_std_keys.lu memory/move_field_siblings_ok.lu memory/move_ok.lu memory/mut_arg_element.lu memory/mut_claim_cond_write.lu memory/mut_claim_if_else.lu memory/mut_claim_if_no_else.lu memory/mut_claim_match_arms.lu memory/mut_claim_nested_copy_read.lu memory/mut_claim_nested_disjoint_reads.lu memory/mut_claim_nested_get.lu memory/mut_claim_nested_header.lu memory/mut_claim_nested_map.lu memory/mut_claim_nested_read_elem.lu memory/mut_claim_nested_read_whole.lu memory/mut_claim_operand_read.lu memory/mut_claim_two_phase_reads.lu memory/mut_elem_excl.lu memory/mut_param_aggregate_store.lu memory/mut_param_field_lend.lu memory/mut_param_restore_elem.lu memory/mut_param_restore_field.lu memory/mut_param_restore_map.lu memory/mut_param_restore_whole.lu memory/mut_place_nested.lu memory/mut_read_overlap.lu memory/mut_two_fields_one_region.lu memory/nested_fn_mut_param.lu memory/oob_bounds.lu memory/packed_field_raw_read.lu memory/packed_fields_at_offset_of.lu memory/pool_accessors.lu memory/pool_place_write.lu memory/prov_addr_with_addr.lu memory/prov_cast_round_trip.lu memory/prov_expose_round_trip.lu memory/prov_holy_grail.lu memory/prov_is_null.lu memory/prov_narrow_cast.lu memory/prov_narrow_cast_trap.lu memory/prov_two_phase.lu memory/push_copies_element.lu memory/push_grow_guarded_index.lu memory/push_grow_nested_guarded_index.lu memory/raw_aligned_control.lu memory/raw_compound_assign.lu memory/raw_deref.lu memory/raw_deref_signed.lu memory/raw_field_store_compound.lu memory/raw_field_store.lu memory/raw_field_store_nested.lu memory/raw_field_store_packed.lu memory/raw_lshr_top_bits.lu memory/raw_ptr_mut_param.lu memory/raw_ptr_private_sig.lu memory/raw_repr_align_layout.lu memory/raw_repr_c_layout.lu memory/raw_repr_packed_layout.lu memory/raw_store_call_writes.lu memory/read_param_move_legal.lu memory/recv_claim_arg_reads.lu memory/recv_view_arg_callee_view_write.lu memory/recv_view_arg_elem.lu memory/recv_view_arg_field_recv.lu memory/recv_view_arg_list_field.lu memory/recv_view_arg_nested_field.lu memory/recv_view_arg_outside_write.lu memory/recv_view_arg_relend.lu memory/recv_view_arg_two_fields.lu memory/recv_view_arg_two_view_third.lu memory/region_ambient_ok.lu memory/region_bytes_query.lu memory/region_bytes_value.lu memory/region_cap_boundary.lu memory/region_container_freeze_ok.lu memory/region_container_reclaim.lu memory/region_copyout_exits.lu memory/region_copyout_loop.lu memory/region_copyout_map.lu memory/region_copyout_struct.lu memory/region_freeze_ok.lu memory/region_infer_list_builder.lu memory/region_infer_request_handler.lu memory/region_infer_tree_transform.lu memory/region_multiopen_ok.lu memory/region_multiopen_swap.lu memory/region_multiopen_values_ok.lu memory/region_str_call_inside.lu memory/region_str_call_static.lu memory/region_str_charged.lu memory/region_str_producers_charged.lu memory/region_str_view_for_inside.lu memory/region_str_view_inside.lu memory/region_unit_tail_call.lu memory/region_value_pass.lu memory/region_value_return.lu memory/static_const_let.lu memory/static_qualified_let/main.lu memory/static_qualified/main.lu memory/static_qualified_var/main.lu memory/static_str_literals.lu memory/static_var_call_deep.lu memory/static_var_call_writes.lu memory/static_var.lu memory/store_rhs_first_list.lu memory/store_rhs_first_map.lu memory/store_rhs_first_pool.lu memory/struct_destructure_partial_live.lu memory/struct_pattern_binder.lu memory/unsafe_c_alloc_native.lu memory/unsafe_creation_not_use.lu memory/unsafe_noalias.lu memory/versioned_loop_cross_module/main.lu memory/versioned_loop_inlined_root.lu memory/view_set_norm.lu memory/volatile_widths.lu methods/comb_map_filter_fold.lu methods/comb_sorted_ord.lu methods/comb_sort_enumerate_zip.lu methods/home_range_str_map.lu methods/method_is_free_call.lu methods/wordcount_par.lu methods/wordcount_serial.lu net/accept_posture.lu net/accept_race.lu net/byte_roundtrip.lu net/echo_bytes.lu net/echo_roundtrip.lu net/inherit_listener.lu net/line_reader_bytes.lu net/nodelay.lu net/peer_close_after_serve.lu net/read_deadline.lu net/refused_row.lu net/reuse_port.lu net/spawn_accept.lu net/syscall_first.lu net/unix_echo.lu net/wait_readiness.lu net/writev_gather.lu net/writev_head_gather.lu os/args_cwd.lu os/chdir_relative.lu os/cpus.lu os/env_roundtrip.lu os/exit_code.lu os/pipe_round_trip.lu os/random_differs.lu os/random_edges.lu os/random_negative_trap.lu os/signal_loopback.lu os/signal_supervisor.lu os/spawn_fds_rows.lu os/spawn_rows.lu overflow.lu procs.lu projects/count_dir.lu projects/count.lu projects/rpn.lu projects/wordtree.lu regions.lu resolve/bare_sibling/pair.lu resolve/forward/main.lu resolve/leaf_twins/main.lu resolve/pkgvis/main.lu resolve/plain_subdir/main.lu resolve/same_name/main.lu resolve/standalone_pair/left.lu resolve/standalone_pair/right.lu resolve/two_mod/main.lu rows/cross_module_arms/main.lu rows/defer_else_handles.lu rows/else_own_failure.lu rows/else_return_tag.lu rows/else_tag_payload.lu rows/else_try_block.lu rows/else_try_call_arg.lu rows/else_try_handler.lu rows/else_try_index.lu rows/else_try_nested_else.lu rows/errdefer_block_loop_break.lu rows/errdefer_block_nested.lu rows/errdefer_block_row.lu rows/errdefer_fn_tail_control.lu rows/error_alias_ident.lu rows/error_alias_qualified/main.lu rows/error_alias_row.lu rows/error_alias_transparent.lu rows/error_alias_union.lu rows/eu_bind_empty_row_handled.lu rows/eu_bind_empty_row.lu rows/eu_bind_empty_row_unit.lu rows/eu_main_err_exit.lu rows/first_list_literal_sum.lu rows/handler_diverge_call.lu rows/handler_diverge_trap.lu rows/handler_match_tags.lu rows/hof_tail.lu rows/inferred_private.lu rows/iter_diverging_else_bound.lu rows/match_row_bare_tag.lu rows/match_row_else_control.lu rows/match_row_nested.lu rows/match_row_payload_tag.lu rows/match_row_try_scrutinee.lu rows/match_row_wild_each_half.lu rows/nested_row_merge_payload.lu rows/nested_row_param.lu rows/nested_row_return.lu rows/open_row_growth.lu rows/propagate/main.lu rows/qmark_defer.lu rows/raised_call_arg_position.lu rows/tag_arg_position.lu rows/tag_let_position.lu rows/tag_shadow_local.lu rows/to_int_parse.lu rows/unit_discard_fallible_body_stmt.lu rows/unit_discard_if_value.lu rows/unit_discard_raise_stmts.lu rows/unit_discard_raise_unit_fn.lu rows/unit_discard_return_operand.lu rows/unit_discard_tail_if_chain.lu rows/unit_discard_tail_if_closure.lu rows/unit_discard_tail_if_leaves.lu rows/unit_discard_tail_if.lu rows/unit_discard_tail_if_value_row.lu rows/unit_discard_try_leaves.lu rows/unit_discard_unit_main.lu strings/boundary_battery.lu strings/builtin_methods.lu strings/bytes_roundtrip.lu strings/bytes_view_walk.lu strings/byte_view_lend.lu strings/byte_view.lu strings/byte_view_slice_lent.lu strings/char_battery.lu strings/char_interp.lu strings/char_order.lu strings/chars_walk.lu strings/concat_mix_char.lu strings/concat_plus.lu strings/dollar_brace_escape.lu strings/empty_needle.lu strings/end_relative_get.lu strings/equality_lanes.lu strings/float_format.lu strings/format_spec_full.lu strings/format_spec_width.lu strings/from_utf8_border.lu strings/interp_value_position.lu strings/interp_values.lu strings/match_str_const_scrutinee.lu strings/match_str_dispatch.lu strings/multiline_escapes.lu strings/raw_fences.lu strings/slice_boundary_sweep.lu strings/slice_oob_trap.lu strings/split_clause.lu strings/str_uni_leading_zeros.lu strings/to_int.lu test/conc_schedules_test.lu time/monotonic.lu traits/bound_literal_default.lu traits/dyn_ok.lu traits/op_eq_imported/main.lu traits/op_eq_inverting.lu traits/op_eq_item_import/main.lu traits/op_money.lu traits/op_ord_struct.lu traits/op_total_num.lu traits/prim_impl.lu typecheck/bool_cmp.lu typecheck/byte_casts.lu typecheck/byte_shapes.lu typecheck/cast_int_to_float.lu typecheck/cast_narrow_in_range.lu typecheck/cast_narrow_wrapping_truncates.lu typecheck/cast_set.lu typecheck/closure_param_call.lu typecheck/closure_return.lu typecheck/float_nan_cmp.lu typecheck/float_rem.lu typecheck/fn_never_extern.lu typecheck/fn_never_handler_arm.lu typecheck/fn_never_trap.lu typecheck/fn_param_shadows_import/main.lu typecheck/fn_param_shadows_item.lu typecheck/fn_value_captured_int.lu typecheck/fn_value_capturing.lu typecheck/fn_value_import/main.lu typecheck/int_not_byte.lu typecheck/int_not_mask.lu typecheck/int_not_signed.lu typecheck/let_shadow_var_ok.lu typecheck/list_lit_elem_i32.lu typecheck/list_tuple_elem.lu typecheck/main_unit_row.lu typecheck/match_arm_product_unreachable.lu typecheck/match_chain_reuse.lu typecheck/match_exhaustive.lu typecheck/match_guard_const.lu typecheck/match_narrow_scrutinee.lu typecheck/match_unreachable.lu typecheck/nested_fn_value.lu typecheck/numlit_annotation_float.lu typecheck/numlit_arith_through.lu typecheck/numlit_binding_value_later_use.lu typecheck/numlit_c2f.lu typecheck/numlit_compare_adopts.lu typecheck/numlit_div_float.lu typecheck/numlit_div_int.lu typecheck/numlit_extremes.lu typecheck/numlit_list_element_width.lu typecheck/numlit_u64_edge.lu typecheck/receiver_modes.lu typecheck/unit_context_discard.lu typecheck/unit_tail_value_discard.lu typecheck/variant_value/main.lu typecheck/wrap_as_int_in_range.lu typecheck/wrap_narrow_cast.lu
+ echo 'STDOUT-ALL exit=0'
STDOUT-ALL exit=0
+ git -C upstream/wolf-lang checkout -q 6710f9e0cbc3a7264349093751ce7a46a407e473
+ echo MEASURE-DONE
MEASURE-DONE
+ touch /home/mfwolffe/lanes/ww40/measure.done
