HEAD a28dec657894a706d8e98223c385eb2f8abc435f
wolf-book e777233842830279c44933df830843d5ee218873
wolf-interp f9269e3364169585fdfe92407639418220be373b
wolf-lang 8edac3eeb48632b32f02ef41ea87d484d1423492
Python 3.14.7
v26.10.0
typst 0.15.1 (9dfd3a08)
=== node tests (pre-build)
PRE-EXIT=0
ℹ tests 119
ℹ pass 119
ℹ fail 0
=== build
BUILD-EXIT=0
version prose: 452 literal mention(s) audited against wolf 0.2.23 and lupin 0.1.46, 144 allowlisted (54 on the wolf clock, 18 on lupin's, 72 frozen in 1 dated root(s))
version prose: 30 placeholder(s) in 6 entries, 15 of them release-bound and re-read at this bump
counts: 254 number word(s) in 80 entries, 25 of them live and re-read at this bump (wolf 0.2.23, lupin 0.1.46, book e777233)
lag phrases: wolf 0.2.23 is advertised; lupin was built at the v0.2.22 tag (8e36bc1) — it reads the release before this one, and both pages carry 'one release' and neither carries another
  version prose stamped: wolf 0.2.23, lupin 0.1.46
  file sizes: 15 stamped from the pin across 2 page(s)
  revisions: 3 stamped across 2 page(s) — specrev 8e36bc1
  wasm: imports 0 (the module is self-contained)
  wasm: 1184 KiB raw, 442 KiB gzipped
  wasm: 1.2M at dist/play/lupin.wasm
  samples: 36 programs from the pinned corpus
  counts: 10 stamped across 7 page(s) — bookchapters 33, diagnostics 151, netprograms 18, samples 36, speccommits 200, warnings 34
  everything built
✓ dist/ built (16M)
=== samples
SAMPLES-EXIT=0

check-samples: 36 menu entries, each in the class the page claims for it (0 noted as not running here)
check-samples: all 18 programs in upstream/wolf-lang/corpus/net answer unsupported, which is what /play/ counts
=== ahead
AHEAD-EXIT=0
  a one-line if  exit(0)      both sides carry it
check-ahead: 1 witness(es) against the built module and 586 anchors the pinned release declares — 1 run on both sides, 0 not yet mirrored here, 0 ahead of the release
=== ahead planted
ℹ tests 8
ℹ pass 8
ℹ fail 0
=== tab target
TAB-EXIT=0
ℹ tests 5
ℹ pass 5
ℹ fail 0
ℹ skipped 0
=== links
LINKS-EXIT=0
=== wasm
92b948ad366ce2c39e57497140c6bbb927dc03d1add872e9a1c179757901cc2d  dist/play/lupin.wasm
=== banner source
515:    (version.target ? `, reading cfg as ${version.target}.` : ".");
BUILD-DONE
