HEAD 6b136c4747006f43c4004e2ee6a4ca3866e7e2da
Submodule 'book' (https://github.com/wolffe-lang/wolf-book.git) registered for path 'upstream/wolf-book'
Submodule 'interp' (https://github.com/wolffe-lang/wolf-interp.git) registered for path 'upstream/wolf-interp'
Submodule 'lang' (https://github.com/wolffe-lang/wolf-lang.git) registered for path 'upstream/wolf-lang'
Cloning into '/home/mfwolffe/lanes/is71/web/upstream/wolf-book'...
Cloning into '/home/mfwolffe/lanes/is71/web/upstream/wolf-interp'...
Cloning into '/home/mfwolffe/lanes/is71/web/upstream/wolf-lang'...
Submodule path 'upstream/wolf-book': checked out 'e777233842830279c44933df830843d5ee218873'
Submodule path 'upstream/wolf-interp': checked out 'f9269e3364169585fdfe92407639418220be373b'
Submodule 'upstream' (https://github.com/wolffe-lang/wolf-lang.git) registered for path 'upstream/wolf-interp/upstream'
Cloning into '/home/mfwolffe/lanes/is71/web/upstream/wolf-interp/upstream'...
Submodule path 'upstream/wolf-interp/upstream': checked out '8e36bc1a0f92bbbbc6861b10d5b2638f76412d6a'
Submodule path 'upstream/wolf-lang': checked out '8edac3eeb48632b32f02ef41ea87d484d1423492'
wolf-book e777233842830279c44933df830843d5ee218873
wolf-interp f9269e3364169585fdfe92407639418220be373b
wolf-lang 8edac3eeb48632b32f02ef41ea87d484d1423492
v26.10.0
WASM-EXIT=0
  no portability patch present; building the pin as it stands
  stamping the interpreter commit as f9269e3
  wasm: imports 0 (the module is self-contained)
  wasm: 1183 KiB raw, 442 KiB gzipped
7cba64c5ef2c440d9e6e95e01513f086f344743f33ac3c810b8b6cf53e0daedb  /home/mfwolffe/lanes/is71/lupin-trunk.wasm
=== tab-target suite
SUITE-EXIT=1
ℹ tests 5
ℹ pass 1
ℹ fail 4
ℹ skipped 0
=== census
CENSUS-EXIT=0
  unsupported  traits/op_eq_item_import/main.lu  unsupported
  unsupported  typecheck/closure_return.lu  unsupported
  unsupported  typecheck/fn_param_shadows_import/main.lu  unsupported
  unsupported  typecheck/fn_value_import/main.lu  unsupported
  unsupported  typecheck/unit_context_discard.lu  unsupported
  unsupported  typecheck/variant_value/main.lu  unsupported
=== records
RECORDS-EXIT=0
ffi.lu {"detail":null,"diagnostics":[],"exit":1,"forest":null,"leaks":0,"phase":"run","stderr":"","stdout":"","trap":null,"ub":null,"unsupported":null,"verdict":"exit(1)","warnings":[]}
grammar/cfg_target_arch.lu {"detail":null,"diagnostics":[],"exit":4,"forest":null,"leaks":0,"phase":"resolve","stderr":"<stdin>: unsupported: `arch_bits` does not resolve\n","stdout":"","trap":null,"ub":null,"unsupported":"`arch_bits` does not resolve","verdict":"unsupported","warnings":[]}
grammar/cfg_target_freestanding.lu {"detail":null,"diagnostics":[],"exit":0,"forest":null,"leaks":0,"phase":"run","stderr":"","stdout":"hosted\n1\n","trap":null,"ub":null,"unsupported":null,"verdict":"exit(0)","warnings":[]}
grammar/cfg_target_unknown.lu {"detail":{"anchor":"gram.item.attr.set","code":"E0817","message":"`no-such-target` names no target wolf knows: a `target` predicate names a triple (`x86_64-unknown-linux-gnu`, `aarch64-unknown-linux-gnu`, `aarch64-apple-darwin`, `x86_64-pc-windows-msvc`, `x86_64-unknown-freebsd`, `x86_64-unknown-none`) or an architecture (`x86_64`, `aarch64`) ([gram.item.attr.cfg])",
membrane/extern_let_image.lu {"detail":{"anchor":"gram.item.fn","code":"E0201","message":"expected keyword `fn`, found keyword `let`","span":[660,663]},"diagnostics":[{"code":"E0201","severity":"error","span":[660,663]}],"exit":2,"forest":null,"leaks":0,"phase":"parse","stderr":"<stdin>: E0201: expected keyword `fn`, found keyword `let` [gram.item.fn] at 14:12\n","stdout":"","trap":null,"ub":null,
LEG-DONE
